
> cybermentortok-web@0.1.0 dev
> next dev

▲ Next.js 16.2.10 (Turbopack)
- Local:         http://localhost:3000
- Network:       http://192.168.1.65:3000
✓ Ready in 936ms
⚠ Warning: Next.js inferred your workspace root, but it may not be correct.
 We detected multiple lockfiles and selected the directory of C:\Users\diogo\package-lock.json as the root directory.
 To silence this warning, set `turbopack.root` in your Next.js config, or consider removing one of the lockfiles if it's not needed.
   See https://nextjs.org/docs/app/api-reference/config/next-config-js/turbopack#root-directory for more information.
 Detected additional lockfiles: 
   * C:\Users\diogo\CyberMentorTok\frontend\cybermentortok-web\package-lock.json


 GET / 200 in 544ms (next.js: 234ms, application-code: 311ms)
 GET / 200 in 51ms (next.js: 7ms, application-code: 44ms)
 GET / 200 in 70ms (next.js: 15ms, application-code: 55ms)
✓ Compiled in 597ms
 GET / 200 in 232ms (next.js: 117ms, application-code: 116ms)
 GET / 200 in 45ms (next.js: 9ms, application-code: 36ms)
✓ Compiled in 162ms
⨯ ./CyberMentorTok/frontend/cybermentortok-web/src/app/page.tsx:243:7
Unexpected token. Did you mean `{'}'}` or `&rbrace;`?
  [90m241 |[0m           </div>
  [90m242 |[0m         );
[31m[1m>[0m [90m243 |[0m       })}
  [90m    |[0m       [31m[1m^[0m
  [90m244 |[0m     </div>
  [90m245 |[0m   );
  [90m246 |[0m }

Parsing ecmascript source code failed

Import traces:
  Client Component Browser:
    ./CyberMentorTok/frontend/cybermentortok-web/src/app/page.tsx [Client Component Browser]
    ./CyberMentorTok/frontend/cybermentortok-web/src/app/page.tsx [Server Component]

  Client Component SSR:
    ./CyberMentorTok/frontend/cybermentortok-web/src/app/page.tsx [Client Component SSR]
    ./CyberMentorTok/frontend/cybermentortok-web/src/app/page.tsx [Server Component]



./CyberMentorTok/frontend/cybermentortok-web/src/app/page.tsx:243:9
Unexpected token. Did you mean `{'}'}` or `&rbrace;`?
  [90m241 |[0m           </div>
  [90m242 |[0m         );
[31m[1m>[0m [90m243 |[0m       })}
  [90m    |[0m         [31m[1m^[0m
  [90m244 |[0m     </div>
  [90m245 |[0m   );
  [90m246 |[0m }

Parsing ecmascript source code failed

Import traces:
  Client Component Browser:
    ./CyberMentorTok/frontend/cybermentortok-web/src/app/page.tsx [Client Component Browser]
    ./CyberMentorTok/frontend/cybermentortok-web/src/app/page.tsx [Server Component]

  Client Component SSR:
    ./CyberMentorTok/frontend/cybermentortok-web/src/app/page.tsx [Client Component SSR]
    ./CyberMentorTok/frontend/cybermentortok-web/src/app/page.tsx [Server Component]


[browser] ./CyberMentorTok/frontend/cybermentortok-web/src/app/page.tsx:243:9
Unexpected token. Did you mean `{'}'}` or `&rbrace;`?
  241 |           </div>
  242 |         );
> 243 |       })}
      |         ^
  244 |     </div>
  245 |   );
  246 | }

Parsing ecmascript source code failed

Import traces:
  Client Component Browser:
    ./CyberMentorTok/frontend/cybermentortok-web/src/app/page.tsx [Client Component Browser]
    ./CyberMentorTok/frontend/cybermentortok-web/src/app/page.tsx [Server Component]

  Client Component SSR:
    ./CyberMentorTok/frontend/cybermentortok-web/src/app/page.tsx [Client Component SSR]
    ./CyberMentorTok/frontend/cybermentortok-web/src/app/page.tsx [Server Component] 
[browser] ./CyberMentorTok/frontend/cybermentortok-web/src/app/page.tsx:243:9
Unexpected token. Did you mean `{'}'}` or `&rbrace;`?
  241 |           </div>
  242 |         );
> 243 |       })}
      |         ^
  244 |     </div>
  245 |   );
  246 | }

Parsing ecmascript source code failed

Import traces:
  Client Component Browser:
    ./CyberMentorTok/frontend/cybermentortok-web/src/app/page.tsx [Client Component Browser]
    ./CyberMentorTok/frontend/cybermentortok-web/src/app/page.tsx [Server Component]

  Client Component SSR:
    ./CyberMentorTok/frontend/cybermentortok-web/src/app/page.tsx [Client Component SSR]
    ./CyberMentorTok/frontend/cybermentortok-web/src/app/page.tsx [Server Component] 
[browser] ./CyberMentorTok/frontend/cybermentortok-web/src/app/page.tsx:243:9
Unexpected token. Did you mean `{'}'}` or `&rbrace;`?
  241 |           </div>
  242 |         );
> 243 |       })}
      |         ^
  244 |     </div>
  245 |   );
  246 | }

Parsing ecmascript source code failed

Import traces:
  Client Component Browser:
    ./CyberMentorTok/frontend/cybermentortok-web/src/app/page.tsx [Client Component Browser]
    ./CyberMentorTok/frontend/cybermentortok-web/src/app/page.tsx [Server Component]

  Client Component SSR:
    ./CyberMentorTok/frontend/cybermentortok-web/src/app/page.tsx [Client Component SSR]
    ./CyberMentorTok/frontend/cybermentortok-web/src/app/page.tsx [Server Component] 
[browser] ./CyberMentorTok/frontend/cybermentortok-web/src/app/page.tsx:243:9
Unexpected token. Did you mean `{'}'}` or `&rbrace;`?
  241 |           </div>
  242 |         );
> 243 |       })}
      |         ^
  244 |     </div>
  245 |   );
  246 | }

Parsing ecmascript source code failed

Import traces:
  Client Component Browser:
    ./CyberMentorTok/frontend/cybermentortok-web/src/app/page.tsx [Client Component Browser]
    ./CyberMentorTok/frontend/cybermentortok-web/src/app/page.tsx [Server Component]

  Client Component SSR:
    ./CyberMentorTok/frontend/cybermentortok-web/src/app/page.tsx [Client Component SSR]
    ./CyberMentorTok/frontend/cybermentortok-web/src/app/page.tsx [Server Component] 
 GET / 500 in 1410ms (next.js: 1219ms, application-code: 191ms)
⨯ ./CyberMentorTok/frontend/cybermentortok-web/src/app/page.tsx:243:7
Unexpected token. Did you mean `{'}'}` or `&rbrace;`?
  [90m241 |[0m           </div>
  [90m242 |[0m         );
[31m[1m>[0m [90m243 |[0m       })}
  [90m    |[0m       [31m[1m^[0m
  [90m244 |[0m     </div>
  [90m245 |[0m   );
  [90m246 |[0m }

Parsing ecmascript source code failed

Import traces:
  Client Component Browser:
    ./CyberMentorTok/frontend/cybermentortok-web/src/app/page.tsx [Client Component Browser]
    ./CyberMentorTok/frontend/cybermentortok-web/src/app/page.tsx [Server Component]

  Client Component SSR:
    ./CyberMentorTok/frontend/cybermentortok-web/src/app/page.tsx [Client Component SSR]
    ./CyberMentorTok/frontend/cybermentortok-web/src/app/page.tsx [Server Component]



./CyberMentorTok/frontend/cybermentortok-web/src/app/page.tsx:243:9
Unexpected token. Did you mean `{'}'}` or `&rbrace;`?
  [90m241 |[0m           </div>
  [90m242 |[0m         );
[31m[1m>[0m [90m243 |[0m       })}
  [90m    |[0m         [31m[1m^[0m
  [90m244 |[0m     </div>
  [90m245 |[0m   );
  [90m246 |[0m }

Parsing ecmascript source code failed

Import traces:
  Client Component Browser:
    ./CyberMentorTok/frontend/cybermentortok-web/src/app/page.tsx [Client Component Browser]
    ./CyberMentorTok/frontend/cybermentortok-web/src/app/page.tsx [Server Component]

  Client Component SSR:
    ./CyberMentorTok/frontend/cybermentortok-web/src/app/page.tsx [Client Component SSR]
    ./CyberMentorTok/frontend/cybermentortok-web/src/app/page.tsx [Server Component]


 GET / 500 in 24ms (next.js: 13ms, application-code: 11ms)
⨯ ./CyberMentorTok/frontend/cybermentortok-web/src/app/page.tsx:243:7
Unexpected token. Did you mean `{'}'}` or `&rbrace;`?
  [90m241 |[0m           </div>
  [90m242 |[0m         );
[31m[1m>[0m [90m243 |[0m       })}
  [90m    |[0m       [31m[1m^[0m
  [90m244 |[0m     </div>
  [90m245 |[0m   );
  [90m246 |[0m }

Parsing ecmascript source code failed

Import traces:
  Client Component Browser:
    ./CyberMentorTok/frontend/cybermentortok-web/src/app/page.tsx [Client Component Browser]
    ./CyberMentorTok/frontend/cybermentortok-web/src/app/page.tsx [Server Component]

  Client Component SSR:
    ./CyberMentorTok/frontend/cybermentortok-web/src/app/page.tsx [Client Component SSR]
    ./CyberMentorTok/frontend/cybermentortok-web/src/app/page.tsx [Server Component]



./CyberMentorTok/frontend/cybermentortok-web/src/app/page.tsx:243:9
Unexpected token. Did you mean `{'}'}` or `&rbrace;`?
  [90m241 |[0m           </div>
  [90m242 |[0m         );
[31m[1m>[0m [90m243 |[0m       })}
  [90m    |[0m         [31m[1m^[0m
  [90m244 |[0m     </div>
  [90m245 |[0m   );
  [90m246 |[0m }

Parsing ecmascript source code failed

Import traces:
  Client Component Browser:
    ./CyberMentorTok/frontend/cybermentortok-web/src/app/page.tsx [Client Component Browser]
    ./CyberMentorTok/frontend/cybermentortok-web/src/app/page.tsx [Server Component]

  Client Component SSR:
    ./CyberMentorTok/frontend/cybermentortok-web/src/app/page.tsx [Client Component SSR]
    ./CyberMentorTok/frontend/cybermentortok-web/src/app/page.tsx [Server Component]


⨯ ./CyberMentorTok/frontend/cybermentortok-web/src/app/page.tsx:243:7
Unexpected token. Did you mean `{'}'}` or `&rbrace;`?
  [90m241 |[0m           </div>
  [90m242 |[0m         );
[31m[1m>[0m [90m243 |[0m       })}
  [90m    |[0m       [31m[1m^[0m
  [90m244 |[0m     </div>
  [90m245 |[0m   );
  [90m246 |[0m }

Parsing ecmascript source code failed

Import traces:
  Client Component Browser:
    ./CyberMentorTok/frontend/cybermentortok-web/src/app/page.tsx [Client Component Browser]
    ./CyberMentorTok/frontend/cybermentortok-web/src/app/page.tsx [Server Component]

  Client Component SSR:
    ./CyberMentorTok/frontend/cybermentortok-web/src/app/page.tsx [Client Component SSR]
    ./CyberMentorTok/frontend/cybermentortok-web/src/app/page.tsx [Server Component]



./CyberMentorTok/frontend/cybermentortok-web/src/app/page.tsx:243:9
Unexpected token. Did you mean `{'}'}` or `&rbrace;`?
  [90m241 |[0m           </div>
  [90m242 |[0m         );
[31m[1m>[0m [90m243 |[0m       })}
  [90m    |[0m         [31m[1m^[0m
  [90m244 |[0m     </div>
  [90m245 |[0m   );
  [90m246 |[0m }

Parsing ecmascript source code failed

Import traces:
  Client Component Browser:
    ./CyberMentorTok/frontend/cybermentortok-web/src/app/page.tsx [Client Component Browser]
    ./CyberMentorTok/frontend/cybermentortok-web/src/app/page.tsx [Server Component]

  Client Component SSR:
    ./CyberMentorTok/frontend/cybermentortok-web/src/app/page.tsx [Client Component SSR]
    ./CyberMentorTok/frontend/cybermentortok-web/src/app/page.tsx [Server Component]


 GET / 500 in 34ms (next.js: 20ms, application-code: 14ms)
[browser] ./CyberMentorTok/frontend/cybermentortok-web/src/app/page.tsx:243:9
Unexpected token. Did you mean `{'}'}` or `&rbrace;`?
  241 |           </div>
  242 |         );
> 243 |       })}
      |         ^
  244 |     </div>
  245 |   );
  246 | }

Parsing ecmascript source code failed

Import traces:
  Client Component Browser:
    ./CyberMentorTok/frontend/cybermentortok-web/src/app/page.tsx [Client Component Browser]
    ./CyberMentorTok/frontend/cybermentortok-web/src/app/page.tsx [Server Component]

  Client Component SSR:
    ./CyberMentorTok/frontend/cybermentortok-web/src/app/page.tsx [Client Component SSR]
    ./CyberMentorTok/frontend/cybermentortok-web/src/app/page.tsx [Server Component] 
 GET / 500 in 42ms (next.js: 27ms, application-code: 15ms)
⨯ ./CyberMentorTok/frontend/cybermentortok-web/src/app/page.tsx:243:7
Unexpected token. Did you mean `{'}'}` or `&rbrace;`?
  [90m241 |[0m           </div>
  [90m242 |[0m         );
[31m[1m>[0m [90m243 |[0m       })}
  [90m    |[0m       [31m[1m^[0m
  [90m244 |[0m     </div>
  [90m245 |[0m   );
  [90m246 |[0m }

Parsing ecmascript source code failed

Import traces:
  Client Component Browser:
    ./CyberMentorTok/frontend/cybermentortok-web/src/app/page.tsx [Client Component Browser]
    ./CyberMentorTok/frontend/cybermentortok-web/src/app/page.tsx [Server Component]

  Client Component SSR:
    ./CyberMentorTok/frontend/cybermentortok-web/src/app/page.tsx [Client Component SSR]
    ./CyberMentorTok/frontend/cybermentortok-web/src/app/page.tsx [Server Component]



./CyberMentorTok/frontend/cybermentortok-web/src/app/page.tsx:243:9
Unexpected token. Did you mean `{'}'}` or `&rbrace;`?
  [90m241 |[0m           </div>
  [90m242 |[0m         );
[31m[1m>[0m [90m243 |[0m       })}
  [90m    |[0m         [31m[1m^[0m
  [90m244 |[0m     </div>
  [90m245 |[0m   );
  [90m246 |[0m }

Parsing ecmascript source code failed

Import traces:
  Client Component Browser:
    ./CyberMentorTok/frontend/cybermentortok-web/src/app/page.tsx [Client Component Browser]
    ./CyberMentorTok/frontend/cybermentortok-web/src/app/page.tsx [Server Component]

  Client Component SSR:
    ./CyberMentorTok/frontend/cybermentortok-web/src/app/page.tsx [Client Component SSR]
    ./CyberMentorTok/frontend/cybermentortok-web/src/app/page.tsx [Server Component]


⨯ ./CyberMentorTok/frontend/cybermentortok-web/src/app/page.tsx:243:7
Unexpected token. Did you mean `{'}'}` or `&rbrace;`?
  [90m241 |[0m           </div>
  [90m242 |[0m         );
[31m[1m>[0m [90m243 |[0m       })}
  [90m    |[0m       [31m[1m^[0m
  [90m244 |[0m     </div>
  [90m245 |[0m   );
  [90m246 |[0m }

Parsing ecmascript source code failed

Import traces:
  Client Component Browser:
    ./CyberMentorTok/frontend/cybermentortok-web/src/app/page.tsx [Client Component Browser]
    ./CyberMentorTok/frontend/cybermentortok-web/src/app/page.tsx [Server Component]

  Client Component SSR:
    ./CyberMentorTok/frontend/cybermentortok-web/src/app/page.tsx [Client Component SSR]
    ./CyberMentorTok/frontend/cybermentortok-web/src/app/page.tsx [Server Component]



./CyberMentorTok/frontend/cybermentortok-web/src/app/page.tsx:243:9
Unexpected token. Did you mean `{'}'}` or `&rbrace;`?
  [90m241 |[0m           </div>
  [90m242 |[0m         );
[31m[1m>[0m [90m243 |[0m       })}
  [90m    |[0m         [31m[1m^[0m
  [90m244 |[0m     </div>
  [90m245 |[0m   );
  [90m246 |[0m }

Parsing ecmascript source code failed

Import traces:
  Client Component Browser:
    ./CyberMentorTok/frontend/cybermentortok-web/src/app/page.tsx [Client Component Browser]
    ./CyberMentorTok/frontend/cybermentortok-web/src/app/page.tsx [Server Component]

  Client Component SSR:
    ./CyberMentorTok/frontend/cybermentortok-web/src/app/page.tsx [Client Component SSR]
    ./CyberMentorTok/frontend/cybermentortok-web/src/app/page.tsx [Server Component]


 GET / 500 in 66ms (next.js: 32ms, application-code: 35ms)
 GET / 500 in 67ms (next.js: 52ms, application-code: 15ms)
[browser] Uncaught Error: ./CyberMentorTok/frontend/cybermentortok-web/src/app/page.tsx:243:9
Unexpected token. Did you mean `{'}'}` or `&rbrace;`?
  241 |           </div>
  242 |         );
> 243 |       })}
      |         ^
  244 |     </div>
  245 |   );
  246 | }

Parsing ecmascript source code failed

Import traces:
  Client Component Browser:
    ./CyberMentorTok/frontend/cybermentortok-web/src/app/page.tsx [Client Component Browser]
    ./CyberMentorTok/frontend/cybermentortok-web/src/app/page.tsx [Server Component]

  Client Component SSR:
    ./CyberMentorTok/frontend/cybermentortok-web/src/app/page.tsx [Client Component SSR]
    ./CyberMentorTok/frontend/cybermentortok-web/src/app/page.tsx [Server Component]


    at <unknown> (Error: ./CyberMentorTok/frontend/cybermentortok-web/src/app/page.tsx:243:9)
    at <unknown> (Error: (./CyberMentorTok/frontend/cybermentortok-web/src/app/page.tsx:243:9)
[browser] Uncaught Error: ./CyberMentorTok/frontend/cybermentortok-web/src/app/page.tsx:243:9
Unexpected token. Did you mean `{'}'}` or `&rbrace;`?
  241 |           </div>
  242 |         );
> 243 |       })}
      |         ^
  244 |     </div>
  245 |   );
  246 | }

Parsing ecmascript source code failed

Import traces:
  Client Component Browser:
    ./CyberMentorTok/frontend/cybermentortok-web/src/app/page.tsx [Client Component Browser]
    ./CyberMentorTok/frontend/cybermentortok-web/src/app/page.tsx [Server Component]

  Client Component SSR:
    ./CyberMentorTok/frontend/cybermentortok-web/src/app/page.tsx [Client Component SSR]
    ./CyberMentorTok/frontend/cybermentortok-web/src/app/page.tsx [Server Component]


    at <unknown> (Error: ./CyberMentorTok/frontend/cybermentortok-web/src/app/page.tsx:243:9)
    at <unknown> (Error: (./CyberMentorTok/frontend/cybermentortok-web/src/app/page.tsx:243:9)
[browser] ./CyberMentorTok/frontend/cybermentortok-web/src/app/page.tsx:243:9
Unexpected token. Did you mean `{'}'}` or `&rbrace;`?
  241 |           </div>
  242 |         );
> 243 |       })}
      |         ^
  244 |     </div>
  245 |   );
  246 | }

Parsing ecmascript source code failed

Import traces:
  Client Component Browser:
    ./CyberMentorTok/frontend/cybermentortok-web/src/app/page.tsx [Client Component Browser]
    ./CyberMentorTok/frontend/cybermentortok-web/src/app/page.tsx [Server Component]

  Client Component SSR:
    ./CyberMentorTok/frontend/cybermentortok-web/src/app/page.tsx [Client Component SSR]
    ./CyberMentorTok/frontend/cybermentortok-web/src/app/page.tsx [Server Component] 
[browser] ./CyberMentorTok/frontend/cybermentortok-web/src/app/page.tsx:243:9
Unexpected token. Did you mean `{'}'}` or `&rbrace;`?
  241 |           </div>
  242 |         );
> 243 |       })}
      |         ^
  244 |     </div>
  245 |   );
  246 | }

Parsing ecmascript source code failed

Import traces:
  Client Component Browser:
    ./CyberMentorTok/frontend/cybermentortok-web/src/app/page.tsx [Client Component Browser]
    ./CyberMentorTok/frontend/cybermentortok-web/src/app/page.tsx [Server Component]

  Client Component SSR:
    ./CyberMentorTok/frontend/cybermentortok-web/src/app/page.tsx [Client Component SSR]
    ./CyberMentorTok/frontend/cybermentortok-web/src/app/page.tsx [Server Component] 
[browser] ./CyberMentorTok/frontend/cybermentortok-web/src/app/page.tsx:243:9
Unexpected token. Did you mean `{'}'}` or `&rbrace;`?
  241 |           </div>
  242 |         );
> 243 |       })}
      |         ^
  244 |     </div>
  245 |   );
  246 | }

Parsing ecmascript source code failed

Import traces:
  Client Component Browser:
    ./CyberMentorTok/frontend/cybermentortok-web/src/app/page.tsx [Client Component Browser]
    ./CyberMentorTok/frontend/cybermentortok-web/src/app/page.tsx [Server Component]

  Client Component SSR:
    ./CyberMentorTok/frontend/cybermentortok-web/src/app/page.tsx [Client Component SSR]
    ./CyberMentorTok/frontend/cybermentortok-web/src/app/page.tsx [Server Component] 
[browser] ./CyberMentorTok/frontend/cybermentortok-web/src/app/page.tsx:243:9
Unexpected token. Did you mean `{'}'}` or `&rbrace;`?
  241 |           </div>
  242 |         );
> 243 |       })}
      |         ^
  244 |     </div>
  245 |   );
  246 | }

Parsing ecmascript source code failed

Import traces:
  Client Component Browser:
    ./CyberMentorTok/frontend/cybermentortok-web/src/app/page.tsx [Client Component Browser]
    ./CyberMentorTok/frontend/cybermentortok-web/src/app/page.tsx [Server Component]

  Client Component SSR:
    ./CyberMentorTok/frontend/cybermentortok-web/src/app/page.tsx [Client Component SSR]
    ./CyberMentorTok/frontend/cybermentortok-web/src/app/page.tsx [Server Component] 
✓ Compiled in 62ms
 GET / 200 in 258ms (next.js: 99ms, application-code: 160ms)
 GET / 200 in 123ms (next.js: 7ms, application-code: 116ms)
 GET / 200 in 57ms (next.js: 7ms, application-code: 50ms)
 GET / 200 in 250ms (next.js: 99ms, application-code: 151ms)
 GET /concepts 200 in 214ms (next.js: 128ms, application-code: 86ms)
 GET /progress 200 in 122ms (next.js: 89ms, application-code: 33ms)
 GET /search 200 in 95ms (next.js: 65ms, application-code: 30ms)
 GET /profile 200 in 92ms (next.js: 64ms, application-code: 29ms)
 GET / 200 in 22ms (next.js: 4ms, application-code: 18ms)
 GET / 200 in 162ms (next.js: 47ms, application-code: 114ms)
